<?xml version="1.0"?>
<link_info>
   <banner>TI ARM Linker Unix v15.12.1.LTS</banner>
   <copyright>Copyright (c) 1996-2015 Texas Instruments Incorporated</copyright>
   <link_time>0x57d8ad23</link_time>
   <link_errors>0x0</link_errors>
   <output_file>drone_v1.out</output_file>
   <entry_point>
      <name>_c_int00</name>
      <address>0x1e1d</address>
   </entry_point>
   <input_file_list>
      <input_file id="fl-2">
         <path>./</path>
         <kind>object</kind>
         <file>main.obj</file>
         <name>main.obj</name>
      </input_file>
      <input_file id="fl-3">
         <path>./</path>
         <kind>object</kind>
         <file>mpu9150.obj</file>
         <name>mpu9150.obj</name>
      </input_file>
      <input_file id="fl-4">
         <path>./</path>
         <kind>object</kind>
         <file>pid.obj</file>
         <name>pid.obj</name>
      </input_file>
      <input_file id="fl-5">
         <path>./</path>
         <kind>object</kind>
         <file>tm4c123gh6pm_startup_ccs.obj</file>
         <name>tm4c123gh6pm_startup_ccs.obj</name>
      </input_file>
      <input_file id="fl-6">
         <path>./drivers/</path>
         <kind>object</kind>
         <file>rgb.obj</file>
         <name>rgb.obj</name>
      </input_file>
      <input_file id="fl-7">
         <path>./utils/</path>
         <kind>object</kind>
         <file>uartstdio.obj</file>
         <name>uartstdio.obj</name>
      </input_file>
      <input_file id="fl-c3">
         <path>/Applications/ti/ccsv6/tools/compiler/ti-cgt-arm_15.12.1.LTS/lib/</path>
         <kind>archive</kind>
         <file>rtsv7M4_T_le_v4SPD16_eabi.lib</file>
         <name>boot.obj</name>
      </input_file>
      <input_file id="fl-c4">
         <path>/Applications/ti/ccsv6/tools/compiler/ti-cgt-arm_15.12.1.LTS/lib/</path>
         <kind>archive</kind>
         <file>rtsv7M4_T_le_v4SPD16_eabi.lib</file>
         <name>copy_decompress_none.obj</name>
      </input_file>
      <input_file id="fl-c5">
         <path>/Applications/ti/ccsv6/tools/compiler/ti-cgt-arm_15.12.1.LTS/lib/</path>
         <kind>archive</kind>
         <file>rtsv7M4_T_le_v4SPD16_eabi.lib</file>
         <name>copy_decompress_rle.obj</name>
      </input_file>
      <input_file id="fl-c6">
         <path>/Applications/ti/ccsv6/tools/compiler/ti-cgt-arm_15.12.1.LTS/lib/</path>
         <kind>archive</kind>
         <file>rtsv7M4_T_le_v4SPD16_eabi.lib</file>
         <name>copy_zero_init.obj</name>
      </input_file>
      <input_file id="fl-c7">
         <path>/Applications/ti/ccsv6/tools/compiler/ti-cgt-arm_15.12.1.LTS/lib/</path>
         <kind>archive</kind>
         <file>rtsv7M4_T_le_v4SPD16_eabi.lib</file>
         <name>exit.obj</name>
      </input_file>
      <input_file id="fl-c8">
         <path>/Applications/ti/ccsv6/tools/compiler/ti-cgt-arm_15.12.1.LTS/lib/</path>
         <kind>archive</kind>
         <file>rtsv7M4_T_le_v4SPD16_eabi.lib</file>
         <name>fs_toull_t2.obj</name>
      </input_file>
      <input_file id="fl-c9">
         <path>/Applications/ti/ccsv6/tools/compiler/ti-cgt-arm_15.12.1.LTS/lib/</path>
         <kind>archive</kind>
         <file>rtsv7M4_T_le_v4SPD16_eabi.lib</file>
         <name>memcpy_t2.obj</name>
      </input_file>
      <input_file id="fl-ca">
         <path>/Applications/ti/ccsv6/tools/compiler/ti-cgt-arm_15.12.1.LTS/lib/</path>
         <kind>archive</kind>
         <file>rtsv7M4_T_le_v4SPD16_eabi.lib</file>
         <name>memset_t2.obj</name>
      </input_file>
      <input_file id="fl-cb">
         <path>/Applications/ti/ccsv6/tools/compiler/ti-cgt-arm_15.12.1.LTS/lib/</path>
         <kind>archive</kind>
         <file>rtsv7M4_T_le_v4SPD16_eabi.lib</file>
         <name>mpu_init.obj</name>
      </input_file>
      <input_file id="fl-cc">
         <path>/Applications/ti/ccsv6/tools/compiler/ti-cgt-arm_15.12.1.LTS/lib/</path>
         <kind>archive</kind>
         <file>rtsv7M4_T_le_v4SPD16_eabi.lib</file>
         <name>pre_init.obj</name>
      </input_file>
      <input_file id="fl-cd">
         <path>/Applications/ti/ccsv6/tools/compiler/ti-cgt-arm_15.12.1.LTS/lib/</path>
         <kind>archive</kind>
         <file>rtsv7M4_T_le_v4SPD16_eabi.lib</file>
         <name>stkdepth_vars.obj</name>
      </input_file>
      <input_file id="fl-ce">
         <path>/Applications/ti/ccsv6/tools/compiler/ti-cgt-arm_15.12.1.LTS/lib/</path>
         <kind>archive</kind>
         <file>rtsv7M4_T_le_v4SPD16_eabi.lib</file>
         <name>u_divt2.obj</name>
      </input_file>
      <input_file id="fl-cf">
         <path>/Applications/ti/ccsv6/tools/compiler/ti-cgt-arm_15.12.1.LTS/lib/</path>
         <kind>archive</kind>
         <file>rtsv7M4_T_le_v4SPD16_eabi.lib</file>
         <name>_lock.obj</name>
      </input_file>
      <input_file id="fl-d0">
         <path>/Applications/ti/ccsv6/tools/compiler/ti-cgt-arm_15.12.1.LTS/lib/</path>
         <kind>archive</kind>
         <file>rtsv7M4_T_le_v4SPD16_eabi.lib</file>
         <name>args_main.obj</name>
      </input_file>
      <input_file id="fl-d1">
         <path>/Applications/ti/ccsv6/tools/compiler/ti-cgt-arm_15.12.1.LTS/lib/</path>
         <kind>archive</kind>
         <file>rtsv7M4_T_le_v4SPD16_eabi.lib</file>
         <name>autoinit.obj</name>
      </input_file>
      <input_file id="fl-d2">
         <path>/Applications/ti/ccsv6/tools/compiler/ti-cgt-arm_15.12.1.LTS/lib/</path>
         <kind>archive</kind>
         <file>rtsv7M4_T_le_v4SPD16_eabi.lib</file>
         <name>cpy_tbl.obj</name>
      </input_file>
      <input_file id="fl-d3">
         <path>/Applications/ti/ccsv6/tools/compiler/ti-cgt-arm_15.12.1.LTS/lib/</path>
         <kind>archive</kind>
         <file>rtsv7M4_T_le_v4SPD16_eabi.lib</file>
         <name>i_div0.obj</name>
      </input_file>
      <input_file id="fl-d4">
         <path>/Applications/ti/ccsv6/tools/compiler/ti-cgt-arm_15.12.1.LTS/lib/</path>
         <kind>archive</kind>
         <file>rtsv7M4_T_le_v4SPD16_eabi.lib</file>
         <name>startup.obj</name>
      </input_file>
      <input_file id="fl-d5">
         <path>/Users/pratik1/UT-classes/finalProject/ti/TivaWare_C_Series-2.1.2.111/driverlib/ccs/Debug/</path>
         <kind>archive</kind>
         <file>driverlib.lib</file>
         <name>gpio.obj</name>
      </input_file>
      <input_file id="fl-d6">
         <path>/Users/pratik1/UT-classes/finalProject/ti/TivaWare_C_Series-2.1.2.111/driverlib/ccs/Debug/</path>
         <kind>archive</kind>
         <file>driverlib.lib</file>
         <name>interrupt.obj</name>
      </input_file>
      <input_file id="fl-d7">
         <path>/Users/pratik1/UT-classes/finalProject/ti/TivaWare_C_Series-2.1.2.111/driverlib/ccs/Debug/</path>
         <kind>archive</kind>
         <file>driverlib.lib</file>
         <name>pwm.obj</name>
      </input_file>
      <input_file id="fl-d8">
         <path>/Users/pratik1/UT-classes/finalProject/ti/TivaWare_C_Series-2.1.2.111/driverlib/ccs/Debug/</path>
         <kind>archive</kind>
         <file>driverlib.lib</file>
         <name>sysctl.obj</name>
      </input_file>
      <input_file id="fl-d9">
         <path>/Users/pratik1/UT-classes/finalProject/ti/TivaWare_C_Series-2.1.2.111/driverlib/ccs/Debug/</path>
         <kind>archive</kind>
         <file>driverlib.lib</file>
         <name>uart.obj</name>
      </input_file>
      <input_file id="fl-da">
         <path>/Users/pratik1/UT-classes/finalProject/ti/TivaWare_C_Series-2.1.2.111/driverlib/ccs/Debug/</path>
         <kind>archive</kind>
         <file>driverlib.lib</file>
         <name>cpu.obj</name>
      </input_file>
      <input_file id="fl-db">
         <path>/Users/pratik1/UT-classes/finalProject/ti/TivaWare_C_Series-2.1.2.111/sensorlib/ccs/Debug/</path>
         <kind>archive</kind>
         <file>sensorlib.lib</file>
         <name>i2cm_drv.obj</name>
      </input_file>
      <input_file id="fl-dc">
         <path>/Users/pratik1/UT-classes/finalProject/ti/TivaWare_C_Series-2.1.2.111/sensorlib/ccs/Debug/</path>
         <kind>archive</kind>
         <file>sensorlib.lib</file>
         <name>mpu9150.obj</name>
      </input_file>
      <input_file id="fl-dd">
         <path>/Applications/ti/ccsv6/tools/compiler/ti-cgt-arm_15.12.1.LTS/lib/</path>
         <kind>archive</kind>
         <file>rtsv7M4_T_le_v4SPD16_eabi.lib</file>
         <name>fd_mul_t2.obj</name>
      </input_file>
      <input_file id="fl-de">
         <path>/Applications/ti/ccsv6/tools/compiler/ti-cgt-arm_15.12.1.LTS/lib/</path>
         <kind>archive</kind>
         <file>rtsv7M4_T_le_v4SPD16_eabi.lib</file>
         <name>fd_tos_t2.obj</name>
      </input_file>
      <input_file id="fl-df">
         <path>/Applications/ti/ccsv6/tools/compiler/ti-cgt-arm_15.12.1.LTS/lib/</path>
         <kind>archive</kind>
         <file>rtsv7M4_T_le_v4SPD16_eabi.lib</file>
         <name>fs_tod_t2.obj</name>
      </input_file>
      <input_file id="fl-e0">
         <path>/Users/pratik1/UT-classes/finalProject/ti/TivaWare_C_Series-2.1.2.111/driverlib/ccs/Debug/</path>
         <kind>archive</kind>
         <file>driverlib.lib</file>
         <name>i2c.obj</name>
      </input_file>
   </input_file_list>
   <object_component_list>
      <object_component id="oc-f">
         <name>.intvecs</name>
         <load_address>0x0</load_address>
         <run_address>0x0</run_address>
         <size>0x26c</size>
         <input_file_ref idref="fl-5"/>
      </object_component>
      <object_component id="oc-37">
         <name>.text</name>
         <load_address>0x26c</load_address>
         <run_address>0x26c</run_address>
         <size>0x914</size>
         <input_file_ref idref="fl-7"/>
      </object_component>
      <object_component id="oc-3d">
         <name>.text</name>
         <load_address>0xb80</load_address>
         <run_address>0xb80</run_address>
         <size>0x434</size>
         <input_file_ref idref="fl-6"/>
      </object_component>
      <object_component id="oc-126">
         <name>.text</name>
         <load_address>0xfb4</load_address>
         <run_address>0xfb4</run_address>
         <size>0x1f4</size>
         <input_file_ref idref="fl-2"/>
      </object_component>
      <object_component id="oc-31">
         <name>.text</name>
         <load_address>0x11a8</load_address>
         <run_address>0x11a8</run_address>
         <size>0x1b0</size>
         <input_file_ref idref="fl-3"/>
      </object_component>
      <object_component id="oc-142">
         <name>.text:MPU9150Callback</name>
         <load_address>0x1358</load_address>
         <run_address>0x1358</run_address>
         <size>0x194</size>
         <input_file_ref idref="fl-dc"/>
      </object_component>
      <object_component id="oc-214">
         <name>.text:GPIOPadConfigSet</name>
         <load_address>0x14ec</load_address>
         <run_address>0x14ec</run_address>
         <size>0x132</size>
         <input_file_ref idref="fl-d5"/>
      </object_component>
      <object_component id="oc-1bd">
         <name>.text</name>
         <load_address>0x161e</load_address>
         <run_address>0x161e</run_address>
         <size>0x2</size>
         <input_file_ref idref="fl-d3"/>
      </object_component>
      <object_component id="oc-e8">
         <name>.text:SysCtlClockGet</name>
         <load_address>0x1620</load_address>
         <run_address>0x1620</run_address>
         <size>0x110</size>
         <input_file_ref idref="fl-d8"/>
      </object_component>
      <object_component id="oc-1f6">
         <name>.text:SysCtlClockSet</name>
         <load_address>0x1730</load_address>
         <run_address>0x1730</run_address>
         <size>0xf4</size>
         <input_file_ref idref="fl-d8"/>
      </object_component>
      <object_component id="oc-a0">
         <name>.text:I2CMIntHandler</name>
         <load_address>0x1824</load_address>
         <run_address>0x1824</run_address>
         <size>0xf2</size>
         <input_file_ref idref="fl-db"/>
      </object_component>
      <object_component id="oc-46">
         <name>.text</name>
         <load_address>0x1916</load_address>
         <run_address>0x1916</run_address>
         <size>0x9c</size>
         <input_file_ref idref="fl-c9"/>
      </object_component>
      <object_component id="oc-192">
         <name>.text:I2CMStateIdle</name>
         <load_address>0x19b2</load_address>
         <run_address>0x19b2</run_address>
         <size>0x98</size>
         <input_file_ref idref="fl-db"/>
      </object_component>
      <object_component id="oc-13c">
         <name>.text:I2CMCommand</name>
         <load_address>0x1a4a</load_address>
         <run_address>0x1a4a</run_address>
         <size>0x88</size>
         <input_file_ref idref="fl-db"/>
      </object_component>
      <object_component id="oc-5f">
         <name>.text</name>
         <load_address>0x1ad2</load_address>
         <run_address>0x1ad2</run_address>
         <size>0x7a</size>
         <input_file_ref idref="fl-ca"/>
      </object_component>
      <object_component id="oc-77">
         <name>.text</name>
         <load_address>0x1b4c</load_address>
         <run_address>0x1b4c</run_address>
         <size>0x70</size>
         <input_file_ref idref="fl-d1"/>
      </object_component>
      <object_component id="oc-52">
         <name>.text</name>
         <load_address>0x1bbc</load_address>
         <run_address>0x1bbc</run_address>
         <size>0x6a</size>
         <input_file_ref idref="fl-c5"/>
      </object_component>
      <object_component id="oc-6b">
         <name>.text</name>
         <load_address>0x1c26</load_address>
         <run_address>0x1c26</run_address>
         <size>0x2</size>
         <input_file_ref idref="fl-cb"/>
      </object_component>
      <object_component id="oc-25d">
         <name>.text:IntDisable</name>
         <load_address>0x1c28</load_address>
         <run_address>0x1c28</run_address>
         <size>0x68</size>
         <input_file_ref idref="fl-d6"/>
      </object_component>
      <object_component id="oc-269">
         <name>.text:IntEnable</name>
         <load_address>0x1c90</load_address>
         <run_address>0x1c90</run_address>
         <size>0x68</size>
         <input_file_ref idref="fl-d6"/>
      </object_component>
      <object_component id="oc-257">
         <name>.text:IntIsEnabled</name>
         <load_address>0x1cf8</load_address>
         <run_address>0x1cf8</run_address>
         <size>0x64</size>
         <input_file_ref idref="fl-d6"/>
      </object_component>
      <object_component id="oc-9a">
         <name>.text:MPU9150DataRead</name>
         <load_address>0x1d5c</load_address>
         <run_address>0x1d5c</run_address>
         <size>0x60</size>
         <input_file_ref idref="fl-dc"/>
      </object_component>
      <object_component id="oc-180">
         <name>.text:I2CMStateWritePause</name>
         <load_address>0x1dbc</load_address>
         <run_address>0x1dbc</run_address>
         <size>0x5e</size>
         <input_file_ref idref="fl-db"/>
      </object_component>
      <object_component id="oc-11e">
         <name>.text</name>
         <load_address>0x1e1a</load_address>
         <run_address>0x1e1a</run_address>
         <size>0x2</size>
         <input_file_ref idref="fl-d4"/>
      </object_component>
      <object_component id="oc-24">
         <name>.text</name>
         <load_address>0x1e1c</load_address>
         <run_address>0x1e1c</run_address>
         <size>0x54</size>
         <input_file_ref idref="fl-c3"/>
      </object_component>
      <object_component id="oc-83">
         <name>.text</name>
         <load_address>0x1e70</load_address>
         <run_address>0x1e70</run_address>
         <size>0x54</size>
         <input_file_ref idref="fl-c7"/>
      </object_component>
      <object_component id="oc-186">
         <name>.text:I2CMStateWriteFinal</name>
         <load_address>0x1ec4</load_address>
         <run_address>0x1ec4</run_address>
         <size>0x50</size>
         <input_file_ref idref="fl-db"/>
      </object_component>
      <object_component id="oc-ee">
         <name>.text</name>
         <load_address>0x1f14</load_address>
         <run_address>0x1f14</run_address>
         <size>0x50</size>
         <input_file_ref idref="fl-c8"/>
      </object_component>
      <object_component id="oc-118">
         <name>.text</name>
         <load_address>0x1f64</load_address>
         <run_address>0x1f64</run_address>
         <size>0x4c</size>
         <input_file_ref idref="fl-d2"/>
      </object_component>
      <object_component id="oc-16e">
         <name>.text:I2CMStateReadNext</name>
         <load_address>0x1fb0</load_address>
         <run_address>0x1fb0</run_address>
         <size>0x4a</size>
         <input_file_ref idref="fl-db"/>
      </object_component>
      <object_component id="oc-208">
         <name>.text:GPIOPinConfigure</name>
         <load_address>0x1ffc</load_address>
         <run_address>0x1ffc</run_address>
         <size>0x48</size>
         <input_file_ref idref="fl-d5"/>
      </object_component>
      <object_component id="oc-18c">
         <name>.text:I2CMStateWriteNext</name>
         <load_address>0x2044</load_address>
         <run_address>0x2044</run_address>
         <size>0x48</size>
         <input_file_ref idref="fl-db"/>
      </object_component>
      <object_component id="oc-156">
         <name>.text:I2CMStateCallback</name>
         <load_address>0x208c</load_address>
         <run_address>0x208c</run_address>
         <size>0x44</size>
         <input_file_ref idref="fl-db"/>
      </object_component>
      <object_component id="oc-168">
         <name>.text:I2CMStateReadFinal</name>
         <load_address>0x20d0</load_address>
         <run_address>0x20d0</run_address>
         <size>0x42</size>
         <input_file_ref idref="fl-db"/>
      </object_component>
      <object_component id="oc-d9">
         <name>.text</name>
         <load_address>0x2112</load_address>
         <run_address>0x2112</run_address>
         <size>0x40</size>
         <input_file_ref idref="fl-ce"/>
      </object_component>
      <object_component id="oc-162">
         <name>.text:I2CMStateReadPause</name>
         <load_address>0x2152</load_address>
         <run_address>0x2152</run_address>
         <size>0x3e</size>
         <input_file_ref idref="fl-db"/>
      </object_component>
      <object_component id="oc-1e4">
         <name>.text:SysCtlPeripheralReady</name>
         <load_address>0x2190</load_address>
         <run_address>0x2190</run_address>
         <size>0x38</size>
         <input_file_ref idref="fl-d8"/>
      </object_component>
      <object_component id="oc-a6">
         <name>.text:SysCtlPeripheralEnable</name>
         <load_address>0x21c8</load_address>
         <run_address>0x21c8</run_address>
         <size>0x34</size>
         <input_file_ref idref="fl-d8"/>
      </object_component>
      <object_component id="oc-20e">
         <name>.text:GPIODirModeSet</name>
         <load_address>0x21fc</load_address>
         <run_address>0x21fc</run_address>
         <size>0x2a</size>
         <input_file_ref idref="fl-d5"/>
      </object_component>
      <object_component id="oc-174">
         <name>.text:I2CMStateReadFirst</name>
         <load_address>0x2226</load_address>
         <run_address>0x2226</run_address>
         <size>0x2a</size>
         <input_file_ref idref="fl-db"/>
      </object_component>
      <object_component id="oc-21a">
         <name>.text:PWMGenConfigure</name>
         <load_address>0x2250</load_address>
         <run_address>0x2250</run_address>
         <size>0x22</size>
         <input_file_ref idref="fl-d7"/>
      </object_component>
      <object_component id="oc-17a">
         <name>.text:I2CMStateReadOne</name>
         <load_address>0x2272</load_address>
         <run_address>0x2272</run_address>
         <size>0x20</size>
         <input_file_ref idref="fl-db"/>
      </object_component>
      <object_component id="oc-226">
         <name>.text:PWMPulseWidthSet</name>
         <load_address>0x2292</load_address>
         <run_address>0x2292</run_address>
         <size>0x1e</size>
         <input_file_ref idref="fl-d7"/>
      </object_component>
      <object_component id="oc-15c">
         <name>.text:I2CMStateReadWait</name>
         <load_address>0x22b0</load_address>
         <run_address>0x22b0</run_address>
         <size>0x1a</size>
         <input_file_ref idref="fl-db"/>
      </object_component>
      <object_component id="oc-1ea">
         <name>.text:GPIOPinTypeGPIOOutput</name>
         <load_address>0x22ca</load_address>
         <run_address>0x22ca</run_address>
         <size>0x18</size>
         <input_file_ref idref="fl-d5"/>
      </object_component>
      <object_component id="oc-7d">
         <name>.text</name>
         <load_address>0x22e4</load_address>
         <run_address>0x22e4</run_address>
         <size>0x18</size>
         <input_file_ref idref="fl-d0"/>
      </object_component>
      <object_component id="oc-1fc">
         <name>.text:SysCtlPWMClockSet</name>
         <load_address>0x22fc</load_address>
         <run_address>0x22fc</run_address>
         <size>0x14</size>
         <input_file_ref idref="fl-d8"/>
      </object_component>
      <object_component id="oc-249">
         <name>.text</name>
         <load_address>0x2310</load_address>
         <run_address>0x2310</run_address>
         <size>0x14</size>
         <input_file_ref idref="fl-cf"/>
      </object_component>
      <object_component id="oc-202">
         <name>.text:GPIOPinTypePWM</name>
         <load_address>0x2324</load_address>
         <run_address>0x2324</run_address>
         <size>0x12</size>
         <input_file_ref idref="fl-d5"/>
      </object_component>
      <object_component id="oc-22c">
         <name>.text:PWMOutputState</name>
         <load_address>0x2336</load_address>
         <run_address>0x2336</run_address>
         <size>0x12</size>
         <input_file_ref idref="fl-d7"/>
      </object_component>
      <object_component id="oc-220">
         <name>.text:PWMGenPeriodSet</name>
         <load_address>0x2348</load_address>
         <run_address>0x2348</run_address>
         <size>0x10</size>
         <input_file_ref idref="fl-d7"/>
      </object_component>
      <object_component id="oc-8e">
         <name>.text:GPIOIntStatus</name>
         <load_address>0x2358</load_address>
         <run_address>0x2358</run_address>
         <size>0xe</size>
         <input_file_ref idref="fl-d5"/>
      </object_component>
      <object_component id="oc-12">
         <name>.text:decompress:none</name>
         <load_address>0x2366</load_address>
         <run_address>0x2366</run_address>
         <size>0xe</size>
         <input_file_ref idref="fl-c4"/>
      </object_component>
      <object_component id="oc-263">
         <name>.text:IntTrigger</name>
         <load_address>0x2374</load_address>
         <run_address>0x2374</run_address>
         <size>0xc</size>
         <input_file_ref idref="fl-d6"/>
      </object_component>
      <object_component id="oc-232">
         <name>.text:PWMGenEnable</name>
         <load_address>0x2380</load_address>
         <run_address>0x2380</run_address>
         <size>0xc</size>
         <input_file_ref idref="fl-d7"/>
      </object_component>
      <object_component id="oc-2b">
         <name>.text</name>
         <load_address>0x238c</load_address>
         <run_address>0x238c</run_address>
         <size>0xc</size>
         <input_file_ref idref="fl-5"/>
      </object_component>
      <object_component id="oc-14a">
         <name>.text:I2CMasterIntClear</name>
         <load_address>0x2398</load_address>
         <run_address>0x2398</run_address>
         <size>0x8</size>
         <input_file_ref idref="fl-e0"/>
      </object_component>
      <object_component id="oc-286">
         <name>.text:I2CMasterSlaveAddrSet</name>
         <load_address>0x23a0</load_address>
         <run_address>0x23a0</run_address>
         <size>0x8</size>
         <input_file_ref idref="fl-e0"/>
      </object_component>
      <object_component id="oc-94">
         <name>.text:GPIOIntClear</name>
         <load_address>0x23a8</load_address>
         <run_address>0x23a8</run_address>
         <size>0x6</size>
         <input_file_ref idref="fl-d5"/>
      </object_component>
      <object_component id="oc-238">
         <name>.text:GPIOPinRead</name>
         <load_address>0x23ae</load_address>
         <run_address>0x23ae</run_address>
         <size>0x6</size>
         <input_file_ref idref="fl-d5"/>
      </object_component>
      <object_component id="oc-1f0">
         <name>.text:GPIOPinWrite</name>
         <load_address>0x23b4</load_address>
         <run_address>0x23b4</run_address>
         <size>0x6</size>
         <input_file_ref idref="fl-d5"/>
      </object_component>
      <object_component id="oc-23e">
         <name>.text:SysCtlDelay</name>
         <load_address>0x23ba</load_address>
         <run_address>0x23ba</run_address>
         <size>0x6</size>
         <input_file_ref idref="fl-d8"/>
      </object_component>
      <object_component id="oc-ac">
         <name>.text:UARTClockSourceSet</name>
         <load_address>0x23c0</load_address>
         <run_address>0x23c0</run_address>
         <size>0x6</size>
         <input_file_ref idref="fl-d9"/>
      </object_component>
      <object_component id="oc-18">
         <name>.text:decompress:rle24</name>
         <load_address>0x23c6</load_address>
         <run_address>0x23c6</run_address>
         <size>0x6</size>
         <input_file_ref idref="fl-c5"/>
      </object_component>
      <object_component id="oc-150">
         <name>.text:I2CMasterControl</name>
         <load_address>0x23cc</load_address>
         <run_address>0x23cc</run_address>
         <size>0x4</size>
         <input_file_ref idref="fl-e0"/>
      </object_component>
      <object_component id="oc-27c">
         <name>.text:I2CMasterDataGet</name>
         <load_address>0x23d0</load_address>
         <run_address>0x23d0</run_address>
         <size>0x4</size>
         <input_file_ref idref="fl-e0"/>
      </object_component>
      <object_component id="oc-28e">
         <name>.text:I2CMasterDataPut</name>
         <load_address>0x23d4</load_address>
         <run_address>0x23d4</run_address>
         <size>0x4</size>
         <input_file_ref idref="fl-e0"/>
      </object_component>
      <object_component id="oc-71">
         <name>.text</name>
         <load_address>0x23d8</load_address>
         <run_address>0x23d8</run_address>
         <size>0x4</size>
         <input_file_ref idref="fl-cc"/>
      </object_component>
      <object_component id="oc-2b5">
         <name>.const:g_pui32GPIOBaseAddrs</name>
         <load_address>0x23dc</load_address>
         <run_address>0x23dc</run_address>
         <size>0x90</size>
         <input_file_ref idref="fl-d5"/>
      </object_component>
      <object_component id="oc-2c5">
         <name>.const</name>
         <load_address>0x246c</load_address>
         <run_address>0x246c</run_address>
         <size>0x70</size>
         <input_file_ref idref="fl-d6"/>
      </object_component>
      <object_component id="oc-1ca">
         <name>.const:g_pui32Xtals</name>
         <load_address>0x24dc</load_address>
         <run_address>0x24dc</run_address>
         <size>0x6c</size>
         <input_file_ref idref="fl-d8"/>
      </object_component>
      <object_component id="oc-1c4">
         <name>.const:.string</name>
         <load_address>0x2548</load_address>
         <run_address>0x2548</run_address>
         <size>0x12</size>
         <input_file_ref idref="fl-7"/>
      </object_component>
      <object_component id="oc-d3">
         <name>.const:g_ui32UARTBase</name>
         <load_address>0x255c</load_address>
         <run_address>0x255c</run_address>
         <size>0xc</size>
         <input_file_ref idref="fl-7"/>
      </object_component>
      <object_component id="oc-c7">
         <name>.const:g_ui32UARTInt</name>
         <load_address>0x2568</load_address>
         <run_address>0x2568</run_address>
         <size>0xc</size>
         <input_file_ref idref="fl-7"/>
      </object_component>
      <object_component id="oc-d0">
         <name>.const:g_ui32UARTPeriph</name>
         <load_address>0x2574</load_address>
         <run_address>0x2574</run_address>
         <size>0xc</size>
         <input_file_ref idref="fl-7"/>
      </object_component>
      <object_component id="oc-de">
         <name>.const</name>
         <load_address>0x2580</load_address>
         <run_address>0x2580</run_address>
         <size>0x4</size>
         <input_file_ref idref="fl-7"/>
      </object_component>
      <object_component id="oc-2fb">
         <name>.cinit..data.load</name>
         <load_address>0x2588</load_address>
         <run_address>0x2588</run_address>
         <size>0x1c</size>
      </object_component>
      <object_component id="oc-2fc">
         <name>.cinit..bss.load</name>
         <load_address>0x25a8</load_address>
         <run_address>0x25a8</run_address>
         <size>0xb</size>
      </object_component>
      <object_component id="oc-2f9">
         <name>__TI_handler_table</name>
         <load_address>0x25b4</load_address>
         <run_address>0x25b4</run_address>
         <size>0x8</size>
      </object_component>
      <object_component id="oc-2fa">
         <name>__TI_cinit_table</name>
         <load_address>0x25bc</load_address>
         <run_address>0x25bc</run_address>
         <size>0x10</size>
      </object_component>
      <object_component id="oc-f7">
         <name>.data</name>
         <load_address>0x20000868</load_address>
         <run_address>0x20000868</run_address>
         <size>0x4</size>
         <input_file_ref idref="fl-6"/>
      </object_component>
      <object_component id="oc-c4">
         <name>.data</name>
         <load_address>0x2000083c</load_address>
         <run_address>0x2000083c</run_address>
         <size>0x15</size>
         <input_file_ref idref="fl-7"/>
      </object_component>
      <object_component id="oc-12e">
         <name>.data:$O1$$</name>
         <load_address>0x20000854</load_address>
         <run_address>0x20000854</run_address>
         <size>0xc</size>
         <input_file_ref idref="fl-c7"/>
      </object_component>
      <object_component id="oc-89">
         <name>.data</name>
         <load_address>0x2000086c</load_address>
         <run_address>0x2000086c</run_address>
         <size>0x4</size>
         <input_file_ref idref="fl-cd"/>
      </object_component>
      <object_component id="oc-131">
         <name>.data:$O1$$</name>
         <load_address>0x20000860</load_address>
         <run_address>0x20000860</run_address>
         <size>0x8</size>
         <input_file_ref idref="fl-cf"/>
      </object_component>
      <object_component id="oc-f4">
         <name>.bss:g_ui32Colors</name>
         <uninitialized>true</uninitialized>
         <run_address>0x20000610</run_address>
         <size>0xc</size>
         <input_file_ref idref="fl-6"/>
      </object_component>
      <object_component id="oc-f3">
         <name>.bss</name>
         <uninitialized>true</uninitialized>
         <run_address>0x20000630</run_address>
         <size>0x4</size>
         <input_file_ref idref="fl-6"/>
      </object_component>
      <object_component id="oc-ca">
         <name>.bss</name>
         <uninitialized>true</uninitialized>
         <run_address>0x20000628</run_address>
         <size>0x8</size>
         <input_file_ref idref="fl-7"/>
      </object_component>
      <object_component id="oc-cd">
         <name>.bss:g_pcUARTTxBuffer</name>
         <uninitialized>true</uninitialized>
         <run_address>0x20000000</run_address>
         <size>0x400</size>
         <input_file_ref idref="fl-7"/>
      </object_component>
      <object_component id="oc-d6">
         <name>.bss:g_pcUARTRxBuffer</name>
         <uninitialized>true</uninitialized>
         <run_address>0x20000524</run_address>
         <size>0x80</size>
         <input_file_ref idref="fl-7"/>
      </object_component>
      <object_component id="oc-b8">
         <name>.common:g_pui32Colors</name>
         <uninitialized>true</uninitialized>
         <run_address>0x2000061c</run_address>
         <size>0xc</size>
      </object_component>
      <object_component id="oc-b7">
         <name>.common:g_sI2CInst</name>
         <uninitialized>true</uninitialized>
         <run_address>0x20000400</run_address>
         <size>0x124</size>
      </object_component>
      <object_component id="oc-b6">
         <name>.common:g_sMPU9150Inst</name>
         <uninitialized>true</uninitialized>
         <run_address>0x200005a4</run_address>
         <size>0x6c</size>
      </object_component>
      <object_component id="oc-b2">
         <name>.common:g_vui8I2CDoneFlag</name>
         <uninitialized>true</uninitialized>
         <run_address>0x20000638</run_address>
         <size>0x4</size>
      </object_component>
      <object_component id="oc-b5">
         <name>.common:g_vui8ErrorFlag</name>
         <uninitialized>true</uninitialized>
         <run_address>0x20000634</run_address>
         <size>0x4</size>
      </object_component>
      <object_component id="oc-2a">
         <name>.stack</name>
         <uninitialized>true</uninitialized>
         <run_address>0x2000063c</run_address>
         <size>0x0</size>
         <input_file_ref idref="fl-c3"/>
      </object_component>
      <object_component id="oc-2fd">
         <name>.stack</name>
         <uninitialized>true</uninitialized>
         <run_address>0x2000063c</run_address>
         <size>0x0</size>
      </object_component>
      <object_component id="oc-1c9">
         <name>.debug_info</name>
         <load_address>0x0</load_address>
         <run_address>0x0</run_address>
         <size>0x4fb</size>
         <input_file_ref idref="fl-2"/>
      </object_component>
      <object_component id="oc-127">
         <name>.debug_info</name>
         <load_address>0x4fb</load_address>
         <run_address>0x4fb</run_address>
         <size>0x4b9</size>
         <input_file_ref idref="fl-2"/>
      </object_component>
      <object_component id="oc-bf">
         <name>.debug_info</name>
         <load_address>0x9b4</load_address>
         <run_address>0x9b4</run_address>
         <size>0x8b</size>
         <input_file_ref idref="fl-2"/>
      </object_component>
      <object_component id="oc-ba">
         <name>.debug_info</name>
         <load_address>0xa3f</load_address>
         <run_address>0xa3f</run_address>
         <size>0x18b</size>
         <input_file_ref idref="fl-2"/>
      </object_component>
      <object_component id="oc-e3">
         <name>.debug_info</name>
         <load_address>0xbca</load_address>
         <run_address>0xbca</run_address>
         <size>0x4e</size>
         <input_file_ref idref="fl-2"/>
      </object_component>
      <object_component id="oc-b3">
         <name>.debug_info</name>
         <load_address>0xc18</load_address>
         <run_address>0xc18</run_address>
         <size>0x5e9</size>
         <input_file_ref idref="fl-3"/>
      </object_component>
      <object_component id="oc-32">
         <name>.debug_info</name>
         <load_address>0x1201</load_address>
         <run_address>0x1201</run_address>
         <size>0x591</size>
         <input_file_ref idref="fl-3"/>
      </object_component>
      <object_component id="oc-1a0">
         <name>.debug_info</name>
         <load_address>0x1792</load_address>
         <run_address>0x1792</run_address>
         <size>0x4e6</size>
         <input_file_ref idref="fl-3"/>
      </object_component>
      <object_component id="oc-273">
         <name>.debug_info</name>
         <load_address>0x1c78</load_address>
         <run_address>0x1c78</run_address>
         <size>0x108</size>
         <input_file_ref idref="fl-3"/>
      </object_component>
      <object_component id="oc-1a5">
         <name>.debug_info</name>
         <load_address>0x1d80</load_address>
         <run_address>0x1d80</run_address>
         <size>0x16c</size>
         <input_file_ref idref="fl-3"/>
      </object_component>
      <object_component id="oc-1aa">
         <name>.debug_info</name>
         <load_address>0x1eec</load_address>
         <run_address>0x1eec</run_address>
         <size>0xd6</size>
         <input_file_ref idref="fl-3"/>
      </object_component>
      <object_component id="oc-fb">
         <name>.debug_info</name>
         <load_address>0x1fc2</load_address>
         <run_address>0x1fc2</run_address>
         <size>0x84</size>
         <input_file_ref idref="fl-4"/>
      </object_component>
      <object_component id="oc-45">
         <name>.debug_info</name>
         <load_address>0x2046</load_address>
         <run_address>0x2046</run_address>
         <size>0x1bc</size>
         <input_file_ref idref="fl-5"/>
      </object_component>
      <object_component id="oc-10">
         <name>.debug_info</name>
         <load_address>0x2202</load_address>
         <run_address>0x2202</run_address>
         <size>0x105</size>
         <input_file_ref idref="fl-5"/>
      </object_component>
      <object_component id="oc-2c">
         <name>.debug_info</name>
         <load_address>0x2307</load_address>
         <run_address>0x2307</run_address>
         <size>0x281</size>
         <input_file_ref idref="fl-5"/>
      </object_component>
      <object_component id="oc-100">
         <name>.debug_info</name>
         <load_address>0x2588</load_address>
         <run_address>0x2588</run_address>
         <size>0x188</size>
         <input_file_ref idref="fl-6"/>
      </object_component>
      <object_component id="oc-f5">
         <name>.debug_info</name>
         <load_address>0x2710</load_address>
         <run_address>0x2710</run_address>
         <size>0x168</size>
         <input_file_ref idref="fl-6"/>
      </object_component>
      <object_component id="oc-f8">
         <name>.debug_info</name>
         <load_address>0x2878</load_address>
         <run_address>0x2878</run_address>
         <size>0x168</size>
         <input_file_ref idref="fl-6"/>
      </object_component>
      <object_component id="oc-3e">
         <name>.debug_info</name>
         <load_address>0x29e0</load_address>
         <run_address>0x29e0</run_address>
         <size>0x1039</size>
         <input_file_ref idref="fl-6"/>
      </object_component>
      <object_component id="oc-e2">
         <name>.debug_info</name>
         <load_address>0x3a19</load_address>
         <run_address>0x3a19</run_address>
         <size>0x17c</size>
         <input_file_ref idref="fl-7"/>
      </object_component>
      <object_component id="oc-cb">
         <name>.debug_info</name>
         <load_address>0x3b95</load_address>
         <run_address>0x3b95</run_address>
         <size>0x16c</size>
         <input_file_ref idref="fl-7"/>
      </object_component>
      <object_component id="oc-ce">
         <name>.debug_info</name>
         <load_address>0x3d01</load_address>
         <run_address>0x3d01</run_address>
         <size>0x146</size>
         <input_file_ref idref="fl-7"/>
      </object_component>
      <object_component id="oc-c5">
         <name>.debug_info</name>
         <load_address>0x3e47</load_address>
         <run_address>0x3e47</run_address>
         <size>0x226</size>
         <input_file_ref idref="fl-7"/>
      </object_component>
      <object_component id="oc-d7">
         <name>.debug_info</name>
         <load_address>0x406d</load_address>
         <run_address>0x406d</run_address>
         <size>0x146</size>
         <input_file_ref idref="fl-7"/>
      </object_component>
      <object_component id="oc-df">
         <name>.debug_info</name>
         <load_address>0x41b3</load_address>
         <run_address>0x41b3</run_address>
         <size>0x134</size>
         <input_file_ref idref="fl-7"/>
      </object_component>
      <object_component id="oc-d4">
         <name>.debug_info</name>
         <load_address>0x42e7</load_address>
         <run_address>0x42e7</run_address>
         <size>0x142</size>
         <input_file_ref idref="fl-7"/>
      </object_component>
      <object_component id="oc-c8">
         <name>.debug_info</name>
         <load_address>0x4429</load_address>
         <run_address>0x4429</run_address>
         <size>0x140</size>
         <input_file_ref idref="fl-7"/>
      </object_component>
      <object_component id="oc-d1">
         <name>.debug_info</name>
         <load_address>0x4569</load_address>
         <run_address>0x4569</run_address>
         <size>0x146</size>
         <input_file_ref idref="fl-7"/>
      </object_component>
      <object_component id="oc-38">
         <name>.debug_info</name>
         <load_address>0x46af</load_address>
         <run_address>0x46af</run_address>
         <size>0x1af6</size>
         <input_file_ref idref="fl-7"/>
      </object_component>
      <object_component id="oc-25">
         <name>.debug_info</name>
         <load_address>0x61a5</load_address>
         <run_address>0x61a5</run_address>
         <size>0x17c</size>
         <input_file_ref idref="fl-c3"/>
      </object_component>
      <object_component id="oc-51">
         <name>.debug_info</name>
         <load_address>0x6321</load_address>
         <run_address>0x6321</run_address>
         <size>0x15c</size>
         <input_file_ref idref="fl-c4"/>
      </object_component>
      <object_component id="oc-15">
         <name>.debug_info</name>
         <load_address>0x647d</load_address>
         <run_address>0x647d</run_address>
         <size>0x1fb</size>
         <input_file_ref idref="fl-c4"/>
      </object_component>
      <object_component id="oc-4c">
         <name>.debug_info</name>
         <load_address>0x6678</load_address>
         <run_address>0x6678</run_address>
         <size>0x46</size>
         <input_file_ref idref="fl-c4"/>
      </object_component>
      <object_component id="oc-104">
         <name>.debug_info</name>
         <load_address>0x66be</load_address>
         <run_address>0x66be</run_address>
         <size>0x2c</size>
         <input_file_ref idref="fl-c4"/>
      </object_component>
      <object_component id="oc-59">
         <name>.debug_info</name>
         <load_address>0x66ea</load_address>
         <run_address>0x66ea</run_address>
         <size>0x150</size>
         <input_file_ref idref="fl-c5"/>
      </object_component>
      <object_component id="oc-53">
         <name>.debug_info</name>
         <load_address>0x683a</load_address>
         <run_address>0x683a</run_address>
         <size>0x263</size>
         <input_file_ref idref="fl-c5"/>
      </object_component>
      <object_component id="oc-19">
         <name>.debug_info</name>
         <load_address>0x6a9d</load_address>
         <run_address>0x6a9d</run_address>
         <size>0x1cd</size>
         <input_file_ref idref="fl-c5"/>
      </object_component>
      <object_component id="oc-5a">
         <name>.debug_info</name>
         <load_address>0x6c6a</load_address>
         <run_address>0x6c6a</run_address>
         <size>0x39</size>
         <input_file_ref idref="fl-c5"/>
      </object_component>
      <object_component id="oc-10e">
         <name>.debug_info</name>
         <load_address>0x6ca3</load_address>
         <run_address>0x6ca3</run_address>
         <size>0x2c</size>
         <input_file_ref idref="fl-c5"/>
      </object_component>
      <object_component id="oc-135">
         <name>.debug_info</name>
         <load_address>0x6ccf</load_address>
         <run_address>0x6ccf</run_address>
         <size>0x250</size>
         <input_file_ref idref="fl-c7"/>
      </object_component>
      <object_component id="oc-12f">
         <name>.debug_info</name>
         <load_address>0x6f1f</load_address>
         <run_address>0x6f1f</run_address>
         <size>0x1a1</size>
         <input_file_ref idref="fl-c7"/>
      </object_component>
      <object_component id="oc-84">
         <name>.debug_info</name>
         <load_address>0x70c0</load_address>
         <run_address>0x70c0</run_address>
         <size>0x230</size>
         <input_file_ref idref="fl-c7"/>
      </object_component>
      <object_component id="oc-ef">
         <name>.debug_info</name>
         <load_address>0x72f0</load_address>
         <run_address>0x72f0</run_address>
         <size>0x14f</size>
         <input_file_ref idref="fl-c8"/>
      </object_component>
      <object_component id="oc-47">
         <name>.debug_info</name>
         <load_address>0x743f</load_address>
         <run_address>0x743f</run_address>
         <size>0x12d</size>
         <input_file_ref idref="fl-c9"/>
      </object_component>
      <object_component id="oc-60">
         <name>.debug_info</name>
         <load_address>0x756c</load_address>
         <run_address>0x756c</run_address>
         <size>0x15b</size>
         <input_file_ref idref="fl-ca"/>
      </object_component>
      <object_component id="oc-6c">
         <name>.debug_info</name>
         <load_address>0x76c7</load_address>
         <run_address>0x76c7</run_address>
         <size>0x154</size>
         <input_file_ref idref="fl-cb"/>
      </object_component>
      <object_component id="oc-72">
         <name>.debug_info</name>
         <load_address>0x781b</load_address>
         <run_address>0x781b</run_address>
         <size>0x164</size>
         <input_file_ref idref="fl-cc"/>
      </object_component>
      <object_component id="oc-8a">
         <name>.debug_info</name>
         <load_address>0x797f</load_address>
         <run_address>0x797f</run_address>
         <size>0x125</size>
         <input_file_ref idref="fl-cd"/>
      </object_component>
      <object_component id="oc-da">
         <name>.debug_info</name>
         <load_address>0x7aa4</load_address>
         <run_address>0x7aa4</run_address>
         <size>0x156</size>
         <input_file_ref idref="fl-ce"/>
      </object_component>
      <object_component id="oc-251">
         <name>.debug_info</name>
         <load_address>0x7bfa</load_address>
         <run_address>0x7bfa</run_address>
         <size>0x140</size>
         <input_file_ref idref="fl-cf"/>
      </object_component>
      <object_component id="oc-132">
         <name>.debug_info</name>
         <load_address>0x7d3a</load_address>
         <run_address>0x7d3a</run_address>
         <size>0x12f</size>
         <input_file_ref idref="fl-cf"/>
      </object_component>
      <object_component id="oc-24a">
         <name>.debug_info</name>
         <load_address>0x7e69</load_address>
         <run_address>0x7e69</run_address>
         <size>0x23b</size>
         <input_file_ref idref="fl-cf"/>
      </object_component>
      <object_component id="oc-12d">
         <name>.debug_info</name>
         <load_address>0x80a4</load_address>
         <run_address>0x80a4</run_address>
         <size>0x182</size>
         <input_file_ref idref="fl-d0"/>
      </object_component>
      <object_component id="oc-7e">
         <name>.debug_info</name>
         <load_address>0x8226</load_address>
         <run_address>0x8226</run_address>
         <size>0x183</size>
         <input_file_ref idref="fl-d0"/>
      </object_component>
      <object_component id="oc-242">
         <name>.debug_info</name>
         <load_address>0x83a9</load_address>
         <run_address>0x83a9</run_address>
         <size>0x5e</size>
         <input_file_ref idref="fl-d0"/>
      </object_component>
      <object_component id="oc-125">
         <name>.debug_info</name>
         <load_address>0x8407</load_address>
         <run_address>0x8407</run_address>
         <size>0x305</size>
         <input_file_ref idref="fl-d1"/>
      </object_component>
      <object_component id="oc-78">
         <name>.debug_info</name>
         <load_address>0x870c</load_address>
         <run_address>0x870c</run_address>
         <size>0x1ac</size>
         <input_file_ref idref="fl-d1"/>
      </object_component>
      <object_component id="oc-1da">
         <name>.debug_info</name>
         <load_address>0x88b8</load_address>
         <run_address>0x88b8</run_address>
         <size>0x39</size>
         <input_file_ref idref="fl-d1"/>
      </object_component>
      <object_component id="oc-1df">
         <name>.debug_info</name>
         <load_address>0x88f1</load_address>
         <run_address>0x88f1</run_address>
         <size>0xcd</size>
         <input_file_ref idref="fl-d1"/>
      </object_component>
      <object_component id="oc-1d6">
         <name>.debug_info</name>
         <load_address>0x89be</load_address>
         <run_address>0x89be</run_address>
         <size>0x1fc</size>
         <input_file_ref idref="fl-d2"/>
      </object_component>
      <object_component id="oc-119">
         <name>.debug_info</name>
         <load_address>0x8bba</load_address>
         <run_address>0x8bba</run_address>
         <size>0x19f</size>
         <input_file_ref idref="fl-d2"/>
      </object_component>
      <object_component id="oc-2aa">
         <name>.debug_info</name>
         <load_address>0x8d59</load_address>
         <run_address>0x8d59</run_address>
         <size>0x2c</size>
         <input_file_ref idref="fl-d2"/>
      </object_component>
      <object_component id="oc-1be">
         <name>.debug_info</name>
         <load_address>0x8d85</load_address>
         <run_address>0x8d85</run_address>
         <size>0x163</size>
         <input_file_ref idref="fl-d3"/>
      </object_component>
      <object_component id="oc-11f">
         <name>.debug_info</name>
         <load_address>0x8ee8</load_address>
         <run_address>0x8ee8</run_address>
         <size>0x161</size>
         <input_file_ref idref="fl-d4"/>
      </object_component>
      <object_component id="oc-13a">
         <name>.debug_info</name>
         <load_address>0x9049</load_address>
         <run_address>0x9049</run_address>
         <size>0x230</size>
         <input_file_ref idref="fl-d5"/>
      </object_component>
      <object_component id="oc-2b6">
         <name>.debug_info</name>
         <load_address>0x9279</load_address>
         <run_address>0x9279</run_address>
         <size>0x15b</size>
         <input_file_ref idref="fl-d5"/>
      </object_component>
      <object_component id="oc-1f1">
         <name>.debug_info</name>
         <load_address>0x93d4</load_address>
         <run_address>0x93d4</run_address>
         <size>0x2a3</size>
         <input_file_ref idref="fl-d5"/>
      </object_component>
      <object_component id="oc-20f">
         <name>.debug_info</name>
         <load_address>0x9677</load_address>
         <run_address>0x9677</run_address>
         <size>0x2b3</size>
         <input_file_ref idref="fl-d5"/>
      </object_component>
      <object_component id="oc-215">
         <name>.debug_info</name>
         <load_address>0x992a</load_address>
         <run_address>0x992a</run_address>
         <size>0x316</size>
         <input_file_ref idref="fl-d5"/>
      </object_component>
      <object_component id="oc-203">
         <name>.debug_info</name>
         <load_address>0x9c40</load_address>
         <run_address>0x9c40</run_address>
         <size>0x279</size>
         <input_file_ref idref="fl-d5"/>
      </object_component>
      <object_component id="oc-1eb">
         <name>.debug_info</name>
         <load_address>0x9eb9</load_address>
         <run_address>0x9eb9</run_address>
         <size>0x2b7</size>
         <input_file_ref idref="fl-d5"/>
      </object_component>
      <object_component id="oc-239">
         <name>.debug_info</name>
         <load_address>0xa170</load_address>
         <run_address>0xa170</run_address>
         <size>0x27b</size>
         <input_file_ref idref="fl-d5"/>
      </object_component>
      <object_component id="oc-209">
         <name>.debug_info</name>
         <load_address>0xa3eb</load_address>
         <run_address>0xa3eb</run_address>
         <size>0x280</size>
         <input_file_ref idref="fl-d5"/>
      </object_component>
      <object_component id="oc-8f">
         <name>.debug_info</name>
         <load_address>0xa66b</load_address>
         <run_address>0xa66b</run_address>
         <size>0x27f</size>
         <input_file_ref idref="fl-d5"/>
      </object_component>
      <object_component id="oc-95">
         <name>.debug_info</name>
         <load_address>0xa8ea</load_address>
         <run_address>0xa8ea</run_address>
         <size>0x28d</size>
         <input_file_ref idref="fl-d5"/>
      </object_component>
      <object_component id="oc-2c9">
         <name>.debug_info</name>
         <load_address>0xab77</load_address>
         <run_address>0xab77</run_address>
         <size>0x20e</size>
         <input_file_ref idref="fl-d6"/>
      </object_component>
      <object_component id="oc-2c6">
         <name>.debug_info</name>
         <load_address>0xad85</load_address>
         <run_address>0xad85</run_address>
         <size>0x210</size>
         <input_file_ref idref="fl-d6"/>
      </object_component>
      <object_component id="oc-264">
         <name>.debug_info</name>
         <load_address>0xaf95</load_address>
         <run_address>0xaf95</run_address>
         <size>0x26a</size>
         <input_file_ref idref="fl-d6"/>
      </object_component>
      <object_component id="oc-258">
         <name>.debug_info</name>
         <load_address>0xb1ff</load_address>
         <run_address>0xb1ff</run_address>
         <size>0x2a1</size>
         <input_file_ref idref="fl-d6"/>
      </object_component>
      <object_component id="oc-26a">
         <name>.debug_info</name>
         <load_address>0xb4a0</load_address>
         <run_address>0xb4a0</run_address>
         <size>0x268</size>
         <input_file_ref idref="fl-d6"/>
      </object_component>
      <object_component id="oc-25e">
         <name>.debug_info</name>
         <load_address>0xb708</load_address>
         <run_address>0xb708</run_address>
         <size>0x26a</size>
         <input_file_ref idref="fl-d6"/>
      </object_component>
      <object_component id="oc-2bc">
         <name>.debug_info</name>
         <load_address>0xb972</load_address>
         <run_address>0xb972</run_address>
         <size>0x1ed</size>
         <input_file_ref idref="fl-d7"/>
      </object_component>
      <object_component id="oc-227">
         <name>.debug_info</name>
         <load_address>0xbb5f</load_address>
         <run_address>0xbb5f</run_address>
         <size>0x2f6</size>
         <input_file_ref idref="fl-d7"/>
      </object_component>
      <object_component id="oc-22d">
         <name>.debug_info</name>
         <load_address>0xbe55</load_address>
         <run_address>0xbe55</run_address>
         <size>0x2c4</size>
         <input_file_ref idref="fl-d7"/>
      </object_component>
      <object_component id="oc-221">
         <name>.debug_info</name>
         <load_address>0xc119</load_address>
         <run_address>0xc119</run_address>
         <size>0x2b6</size>
         <input_file_ref idref="fl-d7"/>
      </object_component>
      <object_component id="oc-233">
         <name>.debug_info</name>
         <load_address>0xc3cf</load_address>
         <run_address>0xc3cf</run_address>
         <size>0x276</size>
         <input_file_ref idref="fl-d7"/>
      </object_component>
      <object_component id="oc-21b">
         <name>.debug_info</name>
         <load_address>0xc645</load_address>
         <run_address>0xc645</run_address>
         <size>0x2b3</size>
         <input_file_ref idref="fl-d7"/>
      </object_component>
      <object_component id="oc-19b">
         <name>.debug_info</name>
         <load_address>0xc8f8</load_address>
         <run_address>0xc8f8</run_address>
         <size>0x27f</size>
         <input_file_ref idref="fl-d8"/>
      </object_component>
      <object_component id="oc-1cb">
         <name>.debug_info</name>
         <load_address>0xcb77</load_address>
         <run_address>0xcb77</run_address>
         <size>0x14d</size>
         <input_file_ref idref="fl-d8"/>
      </object_component>
      <object_component id="oc-1e5">
         <name>.debug_info</name>
         <load_address>0xccc4</load_address>
         <run_address>0xccc4</run_address>
         <size>0x27f</size>
         <input_file_ref idref="fl-d8"/>
      </object_component>
      <object_component id="oc-a7">
         <name>.debug_info</name>
         <load_address>0xcf43</load_address>
         <run_address>0xcf43</run_address>
         <size>0x27d</size>
         <input_file_ref idref="fl-d8"/>
      </object_component>
      <object_component id="oc-1fd">
         <name>.debug_info</name>
         <load_address>0xd1c0</load_address>
         <run_address>0xd1c0</run_address>
         <size>0x263</size>
         <input_file_ref idref="fl-d8"/>
      </object_component>
      <object_component id="oc-1f7">
         <name>.debug_info</name>
         <load_address>0xd423</load_address>
         <run_address>0xd423</run_address>
         <size>0x2db</size>
         <input_file_ref idref="fl-d8"/>
      </object_component>
      <object_component id="oc-e9">
         <name>.debug_info</name>
         <load_address>0xd6fe</load_address>
         <run_address>0xd6fe</run_address>
         <size>0x2b5</size>
         <input_file_ref idref="fl-d8"/>
      </object_component>
      <object_component id="oc-29c">
         <name>.debug_info</name>
         <load_address>0xd9b3</load_address>
         <run_address>0xd9b3</run_address>
         <size>0x5f</size>
         <input_file_ref idref="fl-d8"/>
      </object_component>
      <object_component id="oc-19d">
         <name>.debug_info</name>
         <load_address>0xda12</load_address>
         <run_address>0xda12</run_address>
         <size>0x227</size>
         <input_file_ref idref="fl-d9"/>
      </object_component>
      <object_component id="oc-ad">
         <name>.debug_info</name>
         <load_address>0xdc39</load_address>
         <run_address>0xdc39</run_address>
         <size>0x291</size>
         <input_file_ref idref="fl-d9"/>
      </object_component>
      <object_component id="oc-199">
         <name>.debug_info</name>
         <load_address>0xdeca</load_address>
         <run_address>0xdeca</run_address>
         <size>0x44b</size>
         <input_file_ref idref="fl-db"/>
      </object_component>
      <object_component id="oc-13e">
         <name>.debug_info</name>
         <load_address>0xe315</load_address>
         <run_address>0xe315</run_address>
         <size>0x484</size>
         <input_file_ref idref="fl-db"/>
      </object_component>
      <object_component id="oc-159">
         <name>.debug_info</name>
         <load_address>0xe799</load_address>
         <run_address>0xe799</run_address>
         <size>0x32c</size>
         <input_file_ref idref="fl-db"/>
      </object_component>
      <object_component id="oc-15f">
         <name>.debug_info</name>
         <load_address>0xeac5</load_address>
         <run_address>0xeac5</run_address>
         <size>0x2a1</size>
         <input_file_ref idref="fl-db"/>
      </object_component>
      <object_component id="oc-165">
         <name>.debug_info</name>
         <load_address>0xed66</load_address>
         <run_address>0xed66</run_address>
         <size>0x2ba</size>
         <input_file_ref idref="fl-db"/>
      </object_component>
      <object_component id="oc-16b">
         <name>.debug_info</name>
         <load_address>0xf020</load_address>
         <run_address>0xf020</run_address>
         <size>0x2c7</size>
         <input_file_ref idref="fl-db"/>
      </object_component>
      <object_component id="oc-171">
         <name>.debug_info</name>
         <load_address>0xf2e7</load_address>
         <run_address>0xf2e7</run_address>
         <size>0x2c5</size>
         <input_file_ref idref="fl-db"/>
      </object_component>
      <object_component id="oc-177">
         <name>.debug_info</name>
         <load_address>0xf5ac</load_address>
         <run_address>0xf5ac</run_address>
         <size>0x2bf</size>
         <input_file_ref idref="fl-db"/>
      </object_component>
      <object_component id="oc-17d">
         <name>.debug_info</name>
         <load_address>0xf86b</load_address>
         <run_address>0xf86b</run_address>
         <size>0x2bb</size>
         <input_file_ref idref="fl-db"/>
      </object_component>
      <object_component id="oc-183">
         <name>.debug_info</name>
         <load_address>0xfb26</load_address>
         <run_address>0xfb26</run_address>
         <size>0x2ea</size>
         <input_file_ref idref="fl-db"/>
      </object_component>
      <object_component id="oc-189">
         <name>.debug_info</name>
         <load_address>0xfe10</load_address>
         <run_address>0xfe10</run_address>
         <size>0x2e0</size>
         <input_file_ref idref="fl-db"/>
      </object_component>
      <object_component id="oc-18f">
         <name>.debug_info</name>
         <load_address>0x100f0</load_address>
         <run_address>0x100f0</run_address>
         <size>0x2c7</size>
         <input_file_ref idref="fl-db"/>
      </object_component>
      <object_component id="oc-195">
         <name>.debug_info</name>
         <load_address>0x103b7</load_address>
         <run_address>0x103b7</run_address>
         <size>0x32d</size>
         <input_file_ref idref="fl-db"/>
      </object_component>
      <object_component id="oc-a3">
         <name>.debug_info</name>
         <load_address>0x106e4</load_address>
         <run_address>0x106e4</run_address>
         <size>0x3f3</size>
         <input_file_ref idref="fl-db"/>
      </object_component>
      <object_component id="oc-149">
         <name>.debug_info</name>
         <load_address>0x10ad7</load_address>
         <run_address>0x10ad7</run_address>
         <size>0x39c</size>
         <input_file_ref idref="fl-dc"/>
      </object_component>
      <object_component id="oc-9e">
         <name>.debug_info</name>
         <load_address>0x10e73</load_address>
         <run_address>0x10e73</run_address>
         <size>0x2f0</size>
         <input_file_ref idref="fl-dc"/>
      </object_component>
      <object_component id="oc-146">
         <name>.debug_info</name>
         <load_address>0x11163</load_address>
         <run_address>0x11163</run_address>
         <size>0x2c0</size>
         <input_file_ref idref="fl-dc"/>
      </object_component>
      <object_component id="oc-279">
         <name>.debug_info</name>
         <load_address>0x11423</load_address>
         <run_address>0x11423</run_address>
         <size>0x231</size>
         <input_file_ref idref="fl-e0"/>
      </object_component>
      <object_component id="oc-287">
         <name>.debug_info</name>
         <load_address>0x11654</load_address>
         <run_address>0x11654</run_address>
         <size>0x2ce</size>
         <input_file_ref idref="fl-e0"/>
      </object_component>
      <object_component id="oc-14b">
         <name>.debug_info</name>
         <load_address>0x11922</load_address>
         <run_address>0x11922</run_address>
         <size>0x252</size>
         <input_file_ref idref="fl-e0"/>
      </object_component>
      <object_component id="oc-28f">
         <name>.debug_info</name>
         <load_address>0x11b74</load_address>
         <run_address>0x11b74</run_address>
         <size>0x27e</size>
         <input_file_ref idref="fl-e0"/>
      </object_component>
      <object_component id="oc-27d">
         <name>.debug_info</name>
         <load_address>0x11df2</load_address>
         <run_address>0x11df2</run_address>
         <size>0x254</size>
         <input_file_ref idref="fl-e0"/>
      </object_component>
      <object_component id="oc-151">
         <name>.debug_info</name>
         <load_address>0x12046</load_address>
         <run_address>0x12046</run_address>
         <size>0x27e</size>
         <input_file_ref idref="fl-e0"/>
      </object_component>
      <object_component id="oc-2fe">
         <name>.debug_info</name>
         <load_address>0x122c4</load_address>
         <run_address>0x122c4</run_address>
         <size>0xbb</size>
      </object_component>
      <object_component id="oc-2a5">
         <name>.debug_line</name>
         <load_address>0x0</load_address>
         <run_address>0x0</run_address>
         <size>0x19a</size>
         <input_file_ref idref="fl-2"/>
      </object_component>
      <object_component id="oc-12a">
         <name>.debug_line</name>
         <load_address>0x19a</load_address>
         <run_address>0x19a</run_address>
         <size>0xfa</size>
         <input_file_ref idref="fl-2"/>
      </object_component>
      <object_component id="oc-c2">
         <name>.debug_line</name>
         <load_address>0x294</load_address>
         <run_address>0x294</run_address>
         <size>0x20</size>
         <input_file_ref idref="fl-2"/>
      </object_component>
      <object_component id="oc-bd">
         <name>.debug_line</name>
         <load_address>0x2b4</load_address>
         <run_address>0x2b4</run_address>
         <size>0x71</size>
         <input_file_ref idref="fl-2"/>
      </object_component>
      <object_component id="oc-e6">
         <name>.debug_line</name>
         <load_address>0x325</load_address>
         <run_address>0x325</run_address>
         <size>0x71</size>
         <input_file_ref idref="fl-2"/>
      </object_component>
      <object_component id="oc-19f">
         <name>.debug_line</name>
         <load_address>0x396</load_address>
         <run_address>0x396</run_address>
         <size>0x2cb</size>
         <input_file_ref idref="fl-3"/>
      </object_component>
      <object_component id="oc-35">
         <name>.debug_line</name>
         <load_address>0x661</load_address>
         <run_address>0x661</run_address>
         <size>0xf2</size>
         <input_file_ref idref="fl-3"/>
      </object_component>
      <object_component id="oc-1a3">
         <name>.debug_line</name>
         <load_address>0x753</load_address>
         <run_address>0x753</run_address>
         <size>0x7e</size>
         <input_file_ref idref="fl-3"/>
      </object_component>
      <object_component id="oc-276">
         <name>.debug_line</name>
         <load_address>0x7d1</load_address>
         <run_address>0x7d1</run_address>
         <size>0x7c</size>
         <input_file_ref idref="fl-3"/>
      </object_component>
      <object_component id="oc-1a8">
         <name>.debug_line</name>
         <load_address>0x84d</load_address>
         <run_address>0x84d</run_address>
         <size>0x7d</size>
         <input_file_ref idref="fl-3"/>
      </object_component>
      <object_component id="oc-1ad">
         <name>.debug_line</name>
         <load_address>0x8ca</load_address>
         <run_address>0x8ca</run_address>
         <size>0x7e</size>
         <input_file_ref idref="fl-3"/>
      </object_component>
      <object_component id="oc-fe">
         <name>.debug_line</name>
         <load_address>0x948</load_address>
         <run_address>0x948</run_address>
         <size>0x20</size>
         <input_file_ref idref="fl-4"/>
      </object_component>
      <object_component id="oc-102">
         <name>.debug_line</name>
         <load_address>0x968</load_address>
         <run_address>0x968</run_address>
         <size>0x41</size>
         <input_file_ref idref="fl-5"/>
      </object_component>
      <object_component id="oc-44">
         <name>.debug_line</name>
         <load_address>0x9a9</load_address>
         <run_address>0x9a9</run_address>
         <size>0x41</size>
         <input_file_ref idref="fl-5"/>
      </object_component>
      <object_component id="oc-2f">
         <name>.debug_line</name>
         <load_address>0x9ea</load_address>
         <run_address>0x9ea</run_address>
         <size>0xa1</size>
         <input_file_ref idref="fl-5"/>
      </object_component>
      <object_component id="oc-1d4">
         <name>.debug_line</name>
         <load_address>0xa8b</load_address>
         <run_address>0xa8b</run_address>
         <size>0x7c</size>
         <input_file_ref idref="fl-6"/>
      </object_component>
      <object_component id="oc-1d0">
         <name>.debug_line</name>
         <load_address>0xb07</load_address>
         <run_address>0xb07</run_address>
         <size>0xa5</size>
         <input_file_ref idref="fl-6"/>
      </object_component>
      <object_component id="oc-1d2">
         <name>.debug_line</name>
         <load_address>0xbac</load_address>
         <run_address>0xbac</run_address>
         <size>0xa5</size>
         <input_file_ref idref="fl-6"/>
      </object_component>
      <object_component id="oc-41">
         <name>.debug_line</name>
         <load_address>0xc51</load_address>
         <run_address>0xc51</run_address>
         <size>0x204</size>
         <input_file_ref idref="fl-6"/>
      </object_component>
      <object_component id="oc-1c8">
         <name>.debug_line</name>
         <load_address>0xe55</load_address>
         <run_address>0xe55</run_address>
         <size>0x20</size>
         <input_file_ref idref="fl-7"/>
      </object_component>
      <object_component id="oc-1b4">
         <name>.debug_line</name>
         <load_address>0xe75</load_address>
         <run_address>0xe75</run_address>
         <size>0x7b</size>
         <input_file_ref idref="fl-7"/>
      </object_component>
      <object_component id="oc-1b6">
         <name>.debug_line</name>
         <load_address>0xef0</load_address>
         <run_address>0xef0</run_address>
         <size>0x7b</size>
         <input_file_ref idref="fl-7"/>
      </object_component>
      <object_component id="oc-1b0">
         <name>.debug_line</name>
         <load_address>0xf6b</load_address>
         <run_address>0xf6b</run_address>
         <size>0x7b</size>
         <input_file_ref idref="fl-7"/>
      </object_component>
      <object_component id="oc-1bc">
         <name>.debug_line</name>
         <load_address>0xfe6</load_address>
         <run_address>0xfe6</run_address>
         <size>0x7b</size>
         <input_file_ref idref="fl-7"/>
      </object_component>
      <object_component id="oc-1c6">
         <name>.debug_line</name>
         <load_address>0x1061</load_address>
         <run_address>0x1061</run_address>
         <size>0x7b</size>
         <input_file_ref idref="fl-7"/>
      </object_component>
      <object_component id="oc-1ba">
         <name>.debug_line</name>
         <load_address>0x10dc</load_address>
         <run_address>0x10dc</run_address>
         <size>0x7b</size>
         <input_file_ref idref="fl-7"/>
      </object_component>
      <object_component id="oc-1b2">
         <name>.debug_line</name>
         <load_address>0x1157</load_address>
         <run_address>0x1157</run_address>
         <size>0x7b</size>
         <input_file_ref idref="fl-7"/>
      </object_component>
      <object_component id="oc-1b8">
         <name>.debug_line</name>
         <load_address>0x11d2</load_address>
         <run_address>0x11d2</run_address>
         <size>0x7b</size>
         <input_file_ref idref="fl-7"/>
      </object_component>
      <object_component id="oc-3b">
         <name>.debug_line</name>
         <load_address>0x124d</load_address>
         <run_address>0x124d</run_address>
         <size>0x559</size>
         <input_file_ref idref="fl-7"/>
      </object_component>
      <object_component id="oc-28">
         <name>.debug_line</name>
         <load_address>0x17a6</load_address>
         <run_address>0x17a6</run_address>
         <size>0x53</size>
         <input_file_ref idref="fl-c3"/>
      </object_component>
      <object_component id="oc-10a">
         <name>.debug_line</name>
         <load_address>0x17f9</load_address>
         <run_address>0x17f9</run_address>
         <size>0xa5</size>
         <input_file_ref idref="fl-c4"/>
      </object_component>
      <object_component id="oc-13">
         <name>.debug_line</name>
         <load_address>0x189e</load_address>
         <run_address>0x189e</run_address>
         <size>0x55</size>
         <input_file_ref idref="fl-c4"/>
      </object_component>
      <object_component id="oc-4f">
         <name>.debug_line</name>
         <load_address>0x18f3</load_address>
         <run_address>0x18f3</run_address>
         <size>0x3a</size>
         <input_file_ref idref="fl-c4"/>
      </object_component>
      <object_component id="oc-107">
         <name>.debug_line</name>
         <load_address>0x192d</load_address>
         <run_address>0x192d</run_address>
         <size>0xa5</size>
         <input_file_ref idref="fl-c4"/>
      </object_component>
      <object_component id="oc-10d">
         <name>.debug_line</name>
         <load_address>0x19d2</load_address>
         <run_address>0x19d2</run_address>
         <size>0xa5</size>
         <input_file_ref idref="fl-c5"/>
      </object_component>
      <object_component id="oc-56">
         <name>.debug_line</name>
         <load_address>0x1a77</load_address>
         <run_address>0x1a77</run_address>
         <size>0x98</size>
         <input_file_ref idref="fl-c5"/>
      </object_component>
      <object_component id="oc-1c">
         <name>.debug_line</name>
         <load_address>0x1b0f</load_address>
         <run_address>0x1b0f</run_address>
         <size>0x4b</size>
         <input_file_ref idref="fl-c5"/>
      </object_component>
      <object_component id="oc-5d">
         <name>.debug_line</name>
         <load_address>0x1b5a</load_address>
         <run_address>0x1b5a</run_address>
         <size>0x39</size>
         <input_file_ref idref="fl-c5"/>
      </object_component>
      <object_component id="oc-111">
         <name>.debug_line</name>
         <load_address>0x1b93</load_address>
         <run_address>0x1b93</run_address>
         <size>0xa5</size>
         <input_file_ref idref="fl-c5"/>
      </object_component>
      <object_component id="oc-254">
         <name>.debug_line</name>
         <load_address>0x1c38</load_address>
         <run_address>0x1c38</run_address>
         <size>0x128</size>
         <input_file_ref idref="fl-c7"/>
      </object_component>
      <object_component id="oc-248">
         <name>.debug_line</name>
         <load_address>0x1d60</load_address>
         <run_address>0x1d60</run_address>
         <size>0x2a</size>
         <input_file_ref idref="fl-c7"/>
      </object_component>
      <object_component id="oc-87">
         <name>.debug_line</name>
         <load_address>0x1d8a</load_address>
         <run_address>0x1d8a</run_address>
         <size>0x86</size>
         <input_file_ref idref="fl-c7"/>
      </object_component>
      <object_component id="oc-f2">
         <name>.debug_line</name>
         <load_address>0x1e10</load_address>
         <run_address>0x1e10</run_address>
         <size>0x63</size>
         <input_file_ref idref="fl-c8"/>
      </object_component>
      <object_component id="oc-4a">
         <name>.debug_line</name>
         <load_address>0x1e73</load_address>
         <run_address>0x1e73</run_address>
         <size>0x88</size>
         <input_file_ref idref="fl-c9"/>
      </object_component>
      <object_component id="oc-63">
         <name>.debug_line</name>
         <load_address>0x1efb</load_address>
         <run_address>0x1efb</run_address>
         <size>0x79</size>
         <input_file_ref idref="fl-ca"/>
      </object_component>
      <object_component id="oc-6f">
         <name>.debug_line</name>
         <load_address>0x1f74</load_address>
         <run_address>0x1f74</run_address>
         <size>0x3d</size>
         <input_file_ref idref="fl-cb"/>
      </object_component>
      <object_component id="oc-75">
         <name>.debug_line</name>
         <load_address>0x1fb1</load_address>
         <run_address>0x1fb1</run_address>
         <size>0x40</size>
         <input_file_ref idref="fl-cc"/>
      </object_component>
      <object_component id="oc-138">
         <name>.debug_line</name>
         <load_address>0x1ff1</load_address>
         <run_address>0x1ff1</run_address>
         <size>0x33</size>
         <input_file_ref idref="fl-cd"/>
      </object_component>
      <object_component id="oc-dd">
         <name>.debug_line</name>
         <load_address>0x2024</load_address>
         <run_address>0x2024</run_address>
         <size>0x5b</size>
         <input_file_ref idref="fl-ce"/>
      </object_component>
      <object_component id="oc-2c4">
         <name>.debug_line</name>
         <load_address>0x207f</load_address>
         <run_address>0x207f</run_address>
         <size>0x20</size>
         <input_file_ref idref="fl-cf"/>
      </object_component>
      <object_component id="oc-250">
         <name>.debug_line</name>
         <load_address>0x209f</load_address>
         <run_address>0x209f</run_address>
         <size>0x2b</size>
         <input_file_ref idref="fl-cf"/>
      </object_component>
      <object_component id="oc-24d">
         <name>.debug_line</name>
         <load_address>0x20ca</load_address>
         <run_address>0x20ca</run_address>
         <size>0x68</size>
         <input_file_ref idref="fl-cf"/>
      </object_component>
      <object_component id="oc-241">
         <name>.debug_line</name>
         <load_address>0x2132</load_address>
         <run_address>0x2132</run_address>
         <size>0x2b</size>
         <input_file_ref idref="fl-d0"/>
      </object_component>
      <object_component id="oc-81">
         <name>.debug_line</name>
         <load_address>0x215d</load_address>
         <run_address>0x215d</run_address>
         <size>0x50</size>
         <input_file_ref idref="fl-d0"/>
      </object_component>
      <object_component id="oc-245">
         <name>.debug_line</name>
         <load_address>0x21ad</load_address>
         <run_address>0x21ad</run_address>
         <size>0x2b</size>
         <input_file_ref idref="fl-d0"/>
      </object_component>
      <object_component id="oc-1d9">
         <name>.debug_line</name>
         <load_address>0x21d8</load_address>
         <run_address>0x21d8</run_address>
         <size>0xc4</size>
         <input_file_ref idref="fl-d1"/>
      </object_component>
      <object_component id="oc-7b">
         <name>.debug_line</name>
         <load_address>0x229c</load_address>
         <run_address>0x229c</run_address>
         <size>0x8b</size>
         <input_file_ref idref="fl-d1"/>
      </object_component>
      <object_component id="oc-1dd">
         <name>.debug_line</name>
         <load_address>0x2327</load_address>
         <run_address>0x2327</run_address>
         <size>0x2e</size>
         <input_file_ref idref="fl-d1"/>
      </object_component>
      <object_component id="oc-1e2">
         <name>.debug_line</name>
         <load_address>0x2355</load_address>
         <run_address>0x2355</run_address>
         <size>0xa6</size>
         <input_file_ref idref="fl-d1"/>
      </object_component>
      <object_component id="oc-2a9">
         <name>.debug_line</name>
         <load_address>0x23fb</load_address>
         <run_address>0x23fb</run_address>
         <size>0xb3</size>
         <input_file_ref idref="fl-d2"/>
      </object_component>
      <object_component id="oc-11c">
         <name>.debug_line</name>
         <load_address>0x24ae</load_address>
         <run_address>0x24ae</run_address>
         <size>0x68</size>
         <input_file_ref idref="fl-d2"/>
      </object_component>
      <object_component id="oc-2ad">
         <name>.debug_line</name>
         <load_address>0x2516</load_address>
         <run_address>0x2516</run_address>
         <size>0x2e</size>
         <input_file_ref idref="fl-d2"/>
[...]
               <start_address>0x20000870</start_address>
               <size>0x7790</size>
            </available_space>
         </usage_details>
      </memory_area>
   </placement_map>
   <cptbl_list>
      <cptbl>
         <name>__TI_cinit_table</name>
         <cprec>
            <name>.data</name>
            <load_address>0x2588</load_address>
            <load_size>0x1c</load_size>
            <run_address>0x2000083c</run_address>
            <run_size>0x34</run_size>
            <compression>rle</compression>
         </cprec>
         <cprec>
            <name>.bss</name>
            <load_address>0x25a8</load_address>
            <load_size>0xb</load_size>
            <run_address>0x20000000</run_address>
            <run_size>0x63c</run_size>
            <compression>rle</compression>
         </cprec>
      </cptbl>
   </cptbl_list>
   <handler_table>
      <handler_table_name>__TI_handler_table</handler_table_name>
      <handler>
         <index>0x0</index>
         <name>__TI_decompress_rle24</name>
      </handler>
      <handler>
         <index>0x1</index>
         <name>__TI_decompress_none</name>
      </handler>
   </handler_table>
   <symbol_table>
      <symbol id="sm-1">
         <name>__STACK_TOP</name>
         <value>0x2000083c</value>
      </symbol>
      <symbol id="sm-2">
         <name>__TI_CINIT_Base</name>
         <value>0x25bc</value>
      </symbol>
      <symbol id="sm-3">
         <name>__TI_CINIT_Limit</name>
         <value>0x25cc</value>
      </symbol>
      <symbol id="sm-4">
         <name>__TI_Handler_Table_Base</name>
         <value>0x25b4</value>
      </symbol>
      <symbol id="sm-5">
         <name>__TI_Handler_Table_Limit</name>
         <value>0x25bc</value>
      </symbol>
      <symbol id="sm-6">
         <name>binit</name>
         <value>0xffffffff</value>
      </symbol>
      <symbol id="sm-7">
         <name>__binit__</name>
         <value>0xffffffff</value>
      </symbol>
      <symbol id="sm-8">
         <name>__STACK_SIZE</name>
         <value>0x200</value>
      </symbol>
      <symbol id="sm-9">
         <name>__STACK_END</name>
         <value>0x2000083c</value>
      </symbol>
      <symbol id="sm-a">
         <name>__c_args__</name>
         <value>0xffffffff</value>
      </symbol>
      <symbol id="sm-b">
         <name>__TI_pprof_out_hndl</name>
         <value>0xffffffff</value>
      </symbol>
      <symbol id="sm-c">
         <name>__TI_prof_data_start</name>
         <value>0xffffffff</value>
      </symbol>
      <symbol id="sm-d">
         <name>__TI_prof_data_size</name>
         <value>0xffffffff</value>
      </symbol>
      <symbol id="sm-5d">
         <name>init_blinky</name>
         <value>0xfb5</value>
         <object_component_ref idref="oc-126"/>
      </symbol>
      <symbol id="sm-5e">
         <name>main</name>
         <value>0x101f</value>
         <object_component_ref idref="oc-126"/>
      </symbol>
      <symbol id="sm-5f">
         <name>init_pwm</name>
         <value>0x101d</value>
         <object_component_ref idref="oc-126"/>
      </symbol>
      <symbol id="sm-60">
         <name>run_blinky</name>
         <value>0xfd1</value>
         <object_component_ref idref="oc-126"/>
      </symbol>
      <symbol id="sm-a1">
         <name>g_pui32Colors</name>
         <value>0x2000061c</value>
      </symbol>
      <symbol id="sm-a2">
         <name>g_sI2CInst</name>
         <value>0x20000400</value>
      </symbol>
      <symbol id="sm-a3">
         <name>g_sMPU9150Inst</name>
         <value>0x200005a4</value>
      </symbol>
      <symbol id="sm-a4">
         <name>g_vui8I2CDoneFlag</name>
         <value>0x20000638</value>
      </symbol>
      <symbol id="sm-a5">
         <name>g_vui8ErrorFlag</name>
         <value>0x20000634</value>
      </symbol>
      <symbol id="sm-a6">
         <name>MPU9150AppCallback</name>
         <value>0x11a9</value>
         <object_component_ref idref="oc-31"/>
      </symbol>
      <symbol id="sm-a7">
         <name>MPU9150AppErrorHandler</name>
         <value>0x11f5</value>
         <object_component_ref idref="oc-31"/>
      </symbol>
      <symbol id="sm-a8">
         <name>ConfigureUART</name>
         <value>0x1263</value>
         <object_component_ref idref="oc-31"/>
      </symbol>
      <symbol id="sm-a9">
         <name>MPU9150AppI2CWait</name>
         <value>0x1239</value>
         <object_component_ref idref="oc-31"/>
      </symbol>
      <symbol id="sm-aa">
         <name>IntGPIOb</name>
         <value>0x11c5</value>
         <object_component_ref idref="oc-31"/>
      </symbol>
      <symbol id="sm-ab">
         <name>MPU9150I2CIntHandler</name>
         <value>0x11eb</value>
         <object_component_ref idref="oc-31"/>
      </symbol>
      <symbol id="sm-cd">
         <name>ResetISR</name>
         <value>0x238d</value>
         <object_component_ref idref="oc-2b"/>
      </symbol>
      <symbol id="sm-ce">
         <name>g_pfnVectors</name>
         <value>0x0</value>
         <object_component_ref idref="oc-f"/>
      </symbol>
      <symbol id="sm-11d">
         <name>RGBDisable</name>
         <value>0xd53</value>
         <object_component_ref idref="oc-3d"/>
      </symbol>
      <symbol id="sm-11e">
         <name>RGBBlinkRateSet</name>
         <value>0xe8d</value>
         <object_component_ref idref="oc-3d"/>
      </symbol>
      <symbol id="sm-11f">
         <name>RGBIntensitySet</name>
         <value>0xe79</value>
         <object_component_ref idref="oc-3d"/>
      </symbol>
      <symbol id="sm-120">
         <name>RGBBlinkIntHandler</name>
         <value>0xb81</value>
         <object_component_ref idref="oc-3d"/>
      </symbol>
      <symbol id="sm-121">
         <name>RGBEnable</name>
         <value>0xc9b</value>
         <object_component_ref idref="oc-3d"/>
      </symbol>
      <symbol id="sm-122">
         <name>RGBColorGet</name>
         <value>0xf21</value>
         <object_component_ref idref="oc-3d"/>
      </symbol>
      <symbol id="sm-123">
         <name>RGBInit</name>
         <value>0xbaf</value>
         <object_component_ref idref="oc-3d"/>
      </symbol>
      <symbol id="sm-124">
         <name>RGBColorSet</name>
         <value>0xdc9</value>
         <object_component_ref idref="oc-3d"/>
      </symbol>
      <symbol id="sm-125">
         <name>RGBSet</name>
         <value>0xdb1</value>
         <object_component_ref idref="oc-3d"/>
      </symbol>
      <symbol id="sm-1fb">
         <name>UARTTxBytesFree</name>
         <value>0x8ed</value>
         <object_component_ref idref="oc-37"/>
      </symbol>
      <symbol id="sm-1fc">
         <name>UARTFlushRx</name>
         <value>0x95b</value>
         <object_component_ref idref="oc-37"/>
      </symbol>
      <symbol id="sm-1fd">
         <name>UARTgetc</name>
         <value>0x55b</value>
         <object_component_ref idref="oc-37"/>
      </symbol>
      <symbol id="sm-1fe">
         <name>UARTgets</name>
         <value>0x4df</value>
         <object_component_ref idref="oc-37"/>
      </symbol>
      <symbol id="sm-1ff">
         <name>UARTFlushTx</name>
         <value>0x983</value>
         <object_component_ref idref="oc-37"/>
      </symbol>
      <symbol id="sm-200">
         <name>UARTStdioConfig</name>
         <value>0x381</value>
         <object_component_ref idref="oc-37"/>
      </symbol>
      <symbol id="sm-201">
         <name>UARTStdioIntHandler</name>
         <value>0x9f5</value>
         <object_component_ref idref="oc-37"/>
      </symbol>
      <symbol id="sm-202">
         <name>UARTRxBytesAvail</name>
         <value>0x8df</value>
         <object_component_ref idref="oc-37"/>
      </symbol>
      <symbol id="sm-203">
         <name>UARTwrite</name>
         <value>0x439</value>
         <object_component_ref idref="oc-37"/>
      </symbol>
      <symbol id="sm-204">
         <name>UARTPeek</name>
         <value>0x901</value>
         <object_component_ref idref="oc-37"/>
      </symbol>
      <symbol id="sm-205">
         <name>UARTEchoSet</name>
         <value>0x9c1</value>
         <object_component_ref idref="oc-37"/>
      </symbol>
      <symbol id="sm-206">
         <name>UARTprintf</name>
         <value>0x8bb</value>
         <object_component_ref idref="oc-37"/>
      </symbol>
      <symbol id="sm-207">
         <name>UARTvprintf</name>
         <value>0x5c1</value>
         <object_component_ref idref="oc-37"/>
      </symbol>
      <symbol id="sm-218">
         <name>_c_int00</name>
         <value>0x1e1d</value>
         <object_component_ref idref="oc-24"/>
      </symbol>
      <symbol id="sm-219">
         <name>__stack</name>
         <value>0x2000063c</value>
         <object_component_ref idref="oc-2a"/>
      </symbol>
      <symbol id="sm-230">
         <name>__TI_decompress_none</name>
         <value>0x2367</value>
         <object_component_ref idref="oc-12"/>
      </symbol>
      <symbol id="sm-258">
         <name>__TI_decompress_rle24</name>
         <value>0x23c7</value>
         <object_component_ref idref="oc-18"/>
      </symbol>
      <symbol id="sm-27a">
         <name>C$$EXIT</name>
         <value>0x1e71</value>
         <object_component_ref idref="oc-83"/>
      </symbol>
      <symbol id="sm-27b">
         <name>abort</name>
         <value>0x1e75</value>
         <object_component_ref idref="oc-83"/>
      </symbol>
      <symbol id="sm-27c">
         <name>exit</name>
         <value>0x1e7d</value>
         <object_component_ref idref="oc-83"/>
      </symbol>
      <symbol id="sm-27d">
         <name>__TI_dtors_ptr</name>
         <value>0x20000858</value>
         <object_component_ref idref="oc-12e"/>
      </symbol>
      <symbol id="sm-27e">
         <name>__TI_cleanup_ptr</name>
         <value>0x20000854</value>
         <object_component_ref idref="oc-12e"/>
      </symbol>
      <symbol id="sm-27f">
         <name>__TI_enable_exit_profile_output</name>
         <value>0x2000085c</value>
         <object_component_ref idref="oc-12e"/>
      </symbol>
      <symbol id="sm-289">
         <name>__aeabi_f2ulz</name>
         <value>0x1f15</value>
         <object_component_ref idref="oc-ee"/>
      </symbol>
      <symbol id="sm-2a4">
         <name>memcpy</name>
         <value>0x1917</value>
         <object_component_ref idref="oc-46"/>
      </symbol>
      <symbol id="sm-2a5">
         <name>__aeabi_memcpy</name>
         <value>0x1917</value>
         <object_component_ref idref="oc-46"/>
      </symbol>
      <symbol id="sm-2a6">
         <name>__aeabi_memcpy8</name>
         <value>0x1917</value>
         <object_component_ref idref="oc-46"/>
      </symbol>
      <symbol id="sm-2a7">
         <name>__aeabi_memcpy4</name>
         <value>0x1917</value>
         <object_component_ref idref="oc-46"/>
      </symbol>
      <symbol id="sm-2b6">
         <name>__aeabi_memset</name>
         <value>0x1ad5</value>
         <object_component_ref idref="oc-5f"/>
      </symbol>
      <symbol id="sm-2b7">
         <name>memset</name>
         <value>0x1adb</value>
         <object_component_ref idref="oc-5f"/>
      </symbol>
      <symbol id="sm-2b8">
         <name>__aeabi_memset8</name>
         <value>0x1ad5</value>
         <object_component_ref idref="oc-5f"/>
      </symbol>
      <symbol id="sm-2b9">
         <name>__aeabi_memset4</name>
         <value>0x1ad5</value>
         <object_component_ref idref="oc-5f"/>
      </symbol>
      <symbol id="sm-2ba">
         <name>__aeabi_memclr8</name>
         <value>0x1ad3</value>
         <object_component_ref idref="oc-5f"/>
      </symbol>
      <symbol id="sm-2bb">
         <name>__aeabi_memclr4</name>
         <value>0x1ad3</value>
         <object_component_ref idref="oc-5f"/>
      </symbol>
      <symbol id="sm-2bc">
         <name>__aeabi_memclr</name>
         <value>0x1ad3</value>
         <object_component_ref idref="oc-5f"/>
      </symbol>
      <symbol id="sm-2c6">
         <name>__mpu_init</name>
         <value>0x1c27</value>
         <object_component_ref idref="oc-6b"/>
      </symbol>
      <symbol id="sm-2d0">
         <name>_system_pre_init</name>
         <value>0x23d9</value>
         <object_component_ref idref="oc-71"/>
      </symbol>
      <symbol id="sm-2d8">
         <name>main_func_sp</name>
         <value>0x2000086c</value>
         <object_component_ref idref="oc-89"/>
      </symbol>
      <symbol id="sm-2e7">
         <name>__aeabi_uidivmod</name>
         <value>0x2113</value>
         <object_component_ref idref="oc-d9"/>
      </symbol>
      <symbol id="sm-2e8">
         <name>__aeabi_uidiv</name>
         <value>0x2113</value>
         <object_component_ref idref="oc-d9"/>
      </symbol>
      <symbol id="sm-301">
         <name>_nop</name>
         <value>0x231f</value>
         <object_component_ref idref="oc-249"/>
      </symbol>
      <symbol id="sm-302">
         <name>_lock</name>
         <value>0x20000860</value>
         <object_component_ref idref="oc-131"/>
      </symbol>
      <symbol id="sm-303">
         <name>_unlock</name>
         <value>0x20000864</value>
         <object_component_ref idref="oc-131"/>
      </symbol>
      <symbol id="sm-304">
         <name>_register_lock</name>
         <value>0x2317</value>
         <object_component_ref idref="oc-249"/>
      </symbol>
      <symbol id="sm-305">
         <name>_register_unlock</name>
         <value>0x2311</value>
         <object_component_ref idref="oc-249"/>
      </symbol>
      <symbol id="sm-319">
         <name>_args_main</name>
         <value>0x22e5</value>
         <object_component_ref idref="oc-7d"/>
      </symbol>
      <symbol id="sm-33e">
         <name>__TI_auto_init</name>
         <value>0x1b4d</value>
         <object_component_ref idref="oc-77"/>
      </symbol>
      <symbol id="sm-358">
         <name>copy_in</name>
         <value>0x1f65</value>
         <object_component_ref idref="oc-118"/>
      </symbol>
      <symbol id="sm-362">
         <name>__aeabi_idiv0</name>
         <value>0x161f</value>
         <object_component_ref idref="oc-1bd"/>
      </symbol>
      <symbol id="sm-36c">
         <name>_system_post_cinit</name>
         <value>0x1e1b</value>
         <object_component_ref idref="oc-11e"/>
      </symbol>
      <symbol id="sm-3c6">
         <name>GPIOPinTypePWM</name>
         <value>0x2325</value>
         <object_component_ref idref="oc-202"/>
      </symbol>
      <symbol id="sm-3c7">
         <name>GPIOPinConfigure</name>
         <value>0x1ffd</value>
         <object_component_ref idref="oc-208"/>
      </symbol>
      <symbol id="sm-3c8">
         <name>GPIOIntClear</name>
         <value>0x23a9</value>
         <object_component_ref idref="oc-94"/>
      </symbol>
      <symbol id="sm-3c9">
         <name>GPIOIntStatus</name>
         <value>0x2359</value>
         <object_component_ref idref="oc-8e"/>
      </symbol>
      <symbol id="sm-3ca">
         <name>GPIOPinTypeGPIOOutput</name>
         <value>0x22cb</value>
         <object_component_ref idref="oc-1ea"/>
      </symbol>
      <symbol id="sm-3cb">
         <name>GPIOPinRead</name>
         <value>0x23af</value>
         <object_component_ref idref="oc-238"/>
      </symbol>
      <symbol id="sm-3cc">
         <name>GPIODirModeSet</name>
         <value>0x21fd</value>
         <object_component_ref idref="oc-20e"/>
      </symbol>
      <symbol id="sm-3cd">
         <name>GPIOPinWrite</name>
         <value>0x23b5</value>
         <object_component_ref idref="oc-1f0"/>
      </symbol>
      <symbol id="sm-3ce">
         <name>GPIOPadConfigSet</name>
         <value>0x14ed</value>
         <object_component_ref idref="oc-214"/>
      </symbol>
      <symbol id="sm-423">
         <name>IntIsEnabled</name>
         <value>0x1cf9</value>
         <object_component_ref idref="oc-257"/>
      </symbol>
      <symbol id="sm-424">
         <name>IntEnable</name>
         <value>0x1c91</value>
         <object_component_ref idref="oc-269"/>
      </symbol>
      <symbol id="sm-425">
         <name>IntTrigger</name>
         <value>0x2375</value>
         <object_component_ref idref="oc-263"/>
      </symbol>
      <symbol id="sm-426">
         <name>IntDisable</name>
         <value>0x1c29</value>
         <object_component_ref idref="oc-25d"/>
      </symbol>
      <symbol id="sm-453">
         <name>PWMGenPeriodSet</name>
         <value>0x2349</value>
         <object_component_ref idref="oc-220"/>
      </symbol>
      <symbol id="sm-454">
         <name>PWMPulseWidthSet</name>
         <value>0x2293</value>
         <object_component_ref idref="oc-226"/>
      </symbol>
      <symbol id="sm-455">
         <name>PWMOutputState</name>
         <value>0x2337</value>
         <object_component_ref idref="oc-22c"/>
      </symbol>
      <symbol id="sm-456">
         <name>PWMGenEnable</name>
         <value>0x2381</value>
         <object_component_ref idref="oc-232"/>
      </symbol>
      <symbol id="sm-457">
         <name>PWMGenConfigure</name>
         <value>0x2251</value>
         <object_component_ref idref="oc-21a"/>
      </symbol>
      <symbol id="sm-4be">
         <name>SysCtlClockSet</name>
         <value>0x1731</value>
         <object_component_ref idref="oc-1f6"/>
      </symbol>
      <symbol id="sm-4bf">
         <name>SysCtlDelay</name>
         <value>0x23bb</value>
         <object_component_ref idref="oc-23e"/>
      </symbol>
      <symbol id="sm-4c0">
         <name>SysCtlPeripheralEnable</name>
         <value>0x21c9</value>
         <object_component_ref idref="oc-a6"/>
      </symbol>
      <symbol id="sm-4c1">
         <name>SysCtlClockGet</name>
         <value>0x1621</value>
         <object_component_ref idref="oc-e8"/>
      </symbol>
      <symbol id="sm-4c2">
         <name>SysCtlPWMClockSet</name>
         <value>0x22fd</value>
         <object_component_ref idref="oc-1fc"/>
      </symbol>
      <symbol id="sm-4c3">
         <name>SysCtlPeripheralReady</name>
         <value>0x2191</value>
         <object_component_ref idref="oc-1e4"/>
      </symbol>
      <symbol id="sm-4d0">
         <name>UARTClockSourceSet</name>
         <value>0x23c1</value>
         <object_component_ref idref="oc-ac"/>
      </symbol>
      <symbol id="sm-57c">
         <name>I2CMCommand</name>
         <value>0x1a4b</value>
         <object_component_ref idref="oc-13c"/>
      </symbol>
      <symbol id="sm-57d">
         <name>I2CMIntHandler</name>
         <value>0x1825</value>
         <object_component_ref idref="oc-a0"/>
      </symbol>
      <symbol id="sm-5b1">
         <name>MPU9150DataRead</name>
         <value>0x1d5d</value>
         <object_component_ref idref="oc-9a"/>
      </symbol>
      <symbol id="sm-5e1">
         <name>I2CMasterDataPut</name>
         <value>0x23d5</value>
         <object_component_ref idref="oc-28e"/>
      </symbol>
      <symbol id="sm-5e2">
         <name>I2CMasterSlaveAddrSet</name>
         <value>0x23a1</value>
         <object_component_ref idref="oc-286"/>
      </symbol>
      <symbol id="sm-5e3">
         <name>I2CMasterDataGet</name>
         <value>0x23d1</value>
         <object_component_ref idref="oc-27c"/>
      </symbol>
      <symbol id="sm-5e4">
         <name>I2CMasterControl</name>
         <value>0x23cd</value>
         <object_component_ref idref="oc-150"/>
      </symbol>
      <symbol id="sm-5e5">
         <name>I2CMasterIntClear</name>
         <value>0x2399</value>
         <object_component_ref idref="oc-14a"/>
      </symbol>
      <symbol id="sm-5e6">
         <name>__TI_static_base__</name>
         <value>0x0</value>
      </symbol>
      <symbol id="sm-5e9">
         <name>SHT$$INIT_ARRAY$$Limit</name>
         <value>0x0</value>
      </symbol>
      <symbol id="sm-5ea">
         <name>SHT$$INIT_ARRAY$$Base</name>
         <value>0x0</value>
      </symbol>
   </symbol_table>
   <title>Link successful</title>
</link_info>
